\BOOKMARK [1][]{section.1}{\376\377\000I\000n\000t\000r\000o\000d\000u\000c\000t\000i\000o\000n}{}% 1
\BOOKMARK [1][]{section.2}{\376\377\000R\000e\000l\000a\000t\000e\000d\000\040\000W\000o\000r\000k}{}% 2
\BOOKMARK [2][]{subsection.2.1}{\376\377\000M\000o\000b\000i\000l\000i\000t\000y\000\040\000P\000r\000e\000d\000i\000c\000t\000i\000o\000n\000\040\000u\000n\000d\000e\000r\000\040\000D\000a\000t\000a\000\040\000S\000c\000a\000r\000c\000i\000t\000y}{section.2}% 3
\BOOKMARK [2][]{subsection.2.2}{\376\377\000D\000i\000s\000t\000a\000n\000c\000e\000-\000D\000e\000c\000a\000y\000\040\000M\000o\000d\000e\000l\000i\000n\000g\000\040\000a\000n\000d\000\040\000R\000e\000c\000o\000v\000e\000r\000y}{section.2}% 4
\BOOKMARK [2][]{subsection.2.3}{\376\377\000A\000g\000g\000r\000e\000g\000a\000t\000e\000\040\000M\000o\000b\000i\000l\000i\000t\000y\000\040\000P\000r\000o\000d\000u\000c\000t\000s\000\040\000f\000o\000r\000\040\000P\000r\000i\000v\000a\000c\000y\000-\000P\000r\000e\000s\000e\000r\000v\000i\000n\000g\000\040\000M\000o\000b\000i\000l\000i\000t\000y\000\040\000A\000n\000a\000l\000y\000s\000i\000s}{section.2}% 5
\BOOKMARK [2][]{subsection.2.4}{\376\377\000S\000u\000r\000v\000e\000y\000-\000F\000r\000e\000e\000\040\000a\000n\000d\000\040\000Z\000e\000r\000o\000-\000S\000h\000o\000t\000\040\000M\000o\000b\000i\000l\000i\000t\000y\000\040\000P\000r\000e\000d\000i\000c\000t\000i\000o\000n}{section.2}% 6
\BOOKMARK [2][]{subsection.2.5}{\376\377\000R\000e\000s\000e\000a\000r\000c\000h\000\040\000G\000a\000p\000\040\000a\000n\000d\000\040\000P\000o\000s\000i\000t\000i\000o\000n\000i\000n\000g}{section.2}% 7
\BOOKMARK [1][]{section.3}{\376\377\000P\000r\000o\000b\000l\000e\000m\000\040\000F\000o\000r\000m\000u\000l\000a\000t\000i\000o\000n}{}% 8
\BOOKMARK [1][]{section.4}{\376\377\000P\000r\000o\000j\000e\000c\000t\000i\000o\000n\040\023\000I\000n\000f\000e\000r\000e\000n\000c\000e\000\040\000G\000r\000a\000v\000i\000t\000y\000\040\000F\000r\000a\000m\000e\000w\000o\000r\000k}{}% 9
\BOOKMARK [2][]{subsection.4.1}{\376\377\000G\000r\000a\000v\000i\000t\000y\000\040\000M\000o\000d\000e\000l\000\040\000F\000o\000u\000n\000d\000a\000t\000i\000o\000n}{section.4}% 10
\BOOKMARK [2][]{subsection.4.2}{\376\377\000A\000g\000g\000r\000e\000g\000a\000t\000e\000\040\000T\000r\000i\000p\000-\000L\000e\000n\000g\000t\000h\000\040\000D\000i\000s\000t\000r\000i\000b\000u\000t\000i\000o\000n\000s\000\040\000a\000s\000\040\000a\000\040\000P\000r\000o\000j\000e\000c\000t\000i\000o\000n}{section.4}% 11
\BOOKMARK [2][]{subsection.4.3}{\376\377\000D\000i\000s\000t\000a\000n\000c\000e\000-\000D\000e\000c\000a\000y\000\040\000P\000a\000r\000a\000m\000e\000t\000e\000r\000i\000z\000a\000t\000i\000o\000n}{section.4}% 12
\BOOKMARK [2][]{subsection.4.4}{\376\377\000E\000x\000p\000o\000s\000u\000r\000e\000-\000C\000o\000r\000r\000e\000c\000t\000e\000d\000\040\000D\000i\000s\000t\000a\000n\000c\000e\000-\000D\000e\000c\000a\000y\000\040\000R\000e\000c\000o\000v\000e\000r\000y}{section.4}% 13
\BOOKMARK [2][]{subsection.4.5}{\376\377\000T\000r\000a\000n\000s\000f\000e\000r\000a\000b\000l\000e\000\040\000O\000r\000i\000g\000i\000n\000\040\000P\000r\000o\000d\000u\000c\000t\000i\000o\000n\000\040\000E\000s\000t\000i\000m\000a\000t\000i\000o\000n\000\040\000\050\000O\000\137\000i\000\051}{section.4}% 14
\BOOKMARK [2][]{subsection.4.6}{\376\377\000D\000e\000s\000t\000i\000n\000a\000t\000i\000o\000n\000\040\000A\000t\000t\000r\000a\000c\000t\000i\000o\000n\000\040\000E\000s\000t\000i\000m\000a\000t\000i\000o\000n\000\040\000\050\000A\000\137\000j\000\051}{section.4}% 15
\BOOKMARK [2][]{subsection.4.7}{\376\377\000S\000u\000r\000v\000e\000y\000-\000F\000r\000e\000e\000\040\000O\000r\000i\000g\000i\000n\040\023\000D\000e\000s\000t\000i\000n\000a\000t\000i\000o\000n\000\040\000F\000l\000o\000w\000\040\000G\000e\000n\000e\000r\000a\000t\000i\000o\000n}{section.4}% 16
\BOOKMARK [2][]{subsection.4.8}{\376\377\000P\000r\000o\000p\000e\000r\000t\000i\000e\000s\000\040\000o\000f\000\040\000t\000h\000e\000\040\000P\000r\000o\000j\000e\000c\000t\000i\000o\000n\040\023\000I\000n\000f\000e\000r\000e\000n\000c\000e\000\040\000G\000r\000a\000v\000i\000t\000y\000\040\000F\000r\000a\000m\000e\000w\000o\000r\000k}{section.4}% 17
\BOOKMARK [2][]{subsection.4.9}{\376\377\000C\000o\000m\000p\000u\000t\000a\000t\000i\000o\000n\000a\000l\000\040\000C\000o\000m\000p\000l\000e\000x\000i\000t\000y}{section.4}% 18
\BOOKMARK [2][]{subsection.4.10}{\376\377\000C\000l\000o\000s\000i\000n\000g\000\040\000R\000e\000m\000a\000r\000k\000s}{section.4}% 19
\BOOKMARK [2][]{subsection.4.11}{\376\377\000D\000a\000t\000a\000\040\000S\000o\000u\000r\000c\000e\000s}{section.4}% 20
\BOOKMARK [2][]{subsection.4.12}{\376\377\000C\000a\000l\000i\000b\000r\000a\000t\000i\000o\000n\000\040\000f\000r\000o\000m\000\040\000A\000g\000g\000r\000e\000g\000a\000t\000e\000\040\000T\000r\000i\000p\000-\000L\000e\000n\000g\000t\000h\000\040\000D\000i\000s\000t\000r\000i\000b\000u\000t\000i\000o\000n\000s\000:\000\040\000M\000e\000t\000a\000\040\000M\000D\000M\000\040\000C\000a\000s\000e\000\040\000S\000t\000u\000d\000y}{section.4}% 21
\BOOKMARK [2][]{subsection.4.13}{\376\377\000E\000x\000p\000l\000o\000r\000a\000t\000o\000r\000y\000\040\000U\000r\000b\000a\000n\000\040\000M\000o\000r\000p\000h\000o\000l\000o\000g\000y\000\040\000C\000a\000t\000e\000g\000o\000r\000i\000z\000a\000t\000i\000o\000n}{section.4}% 22
\BOOKMARK [1][]{section.5}{\376\377\000E\000x\000p\000e\000r\000i\000m\000e\000n\000t\000a\000l\000\040\000V\000a\000l\000i\000d\000a\000t\000i\000o\000n}{}% 23
\BOOKMARK [2][]{subsection.5.1}{\376\377\000C\000a\000n\000\040\000a\000g\000g\000r\000e\000g\000a\000t\000e\000\040\000t\000r\000i\000p\000-\000l\000e\000n\000g\000t\000h\000\040\000d\000i\000s\000t\000r\000i\000b\000u\000t\000i\000o\000n\000s\000\040\000r\000e\000l\000i\000a\000b\000l\000y\000\040\000r\000e\000c\000o\000v\000e\000r\000\040\000c\000i\000t\000y\000-\000s\000p\000e\000c\000i\000f\000i\000c\000\040\000d\000i\000s\000t\000a\000n\000c\000e\000-\000d\000e\000c\000a\000y\000\040\000p\000a\000r\000a\000m\000e\000t\000e\000r\000s\000?}{section.5}% 24
\BOOKMARK [3][]{subsubsection.5.1.1}{\376\377\000V\000a\000l\000i\000d\000a\000t\000i\000o\000n\000\040\000v\000i\000a\000\040\000T\000r\000i\000p\000-\000L\000e\000n\000g\000t\000h\000\040\000D\000i\000s\000t\000r\000i\000b\000u\000t\000i\000o\000n\000s\000\040\000\050\000M\000e\000t\000a\000\040\000M\000D\000M\000\040\000C\000a\000s\000e\000\040\000S\000t\000u\000d\000y\000\051}{subsection.5.1}% 25
\BOOKMARK [3][]{subsubsection.5.1.2}{\376\377\000D\000e\000c\000a\000y\000\040\000B\000i\000n\000\040\000S\000e\000n\000s\000i\000t\000i\000v\000i\000t\000y\000\040\000A\000n\000a\000l\000y\000s\000i\000s}{subsection.5.1}% 26
\BOOKMARK [2][]{subsection.5.2}{\376\377\000T\000o\000\040\000w\000h\000a\000t\000\040\000e\000x\000t\000e\000n\000t\000\040\000d\000o\000e\000s\000\040\000d\000i\000s\000t\000a\000n\000c\000e\000\040\000d\000e\000c\000a\000y\000\040\000c\000o\000n\000t\000r\000i\000b\000u\000t\000e\000\040\000t\000o\000\040\000p\000r\000e\000d\000i\000c\000t\000i\000v\000e\000\040\000p\000e\000r\000f\000o\000r\000m\000a\000n\000c\000e\000\040\000w\000i\000t\000h\000i\000n\000\040\000g\000r\000a\000v\000i\000t\000y\000-\000b\000a\000s\000e\000d\000\040\000m\000o\000b\000i\000l\000i\000t\000y\000\040\000m\000o\000d\000e\000l\000i\000n\000g\000?}{section.5}% 27
\BOOKMARK [3][]{subsubsection.5.2.1}{\376\377\000O\000r\000i\000g\000i\000n\000\040\000P\000r\000o\000d\000u\000c\000t\000i\000o\000n\000\040\000T\000r\000a\000n\000s\000f\000e\000r\000a\000b\000i\000l\000i\000t\000y}{subsection.5.2}% 28
\BOOKMARK [3][]{subsubsection.5.2.2}{\376\377\000F\000a\000c\000t\000o\000r\000i\000a\000l\000\040\000A\000b\000l\000a\000t\000i\000o\000n\000\040\000a\000n\000d\000\040\000S\000h\000a\000p\000l\000e\000y\000\040\000V\000a\000l\000u\000e\000\040\000A\000n\000a\000l\000y\000s\000i\000s}{subsection.5.2}% 29
\BOOKMARK [3][]{subsubsection.5.2.3}{\376\377\000I\000n\000t\000e\000r\000p\000r\000e\000t\000a\000t\000i\000o\000n}{subsection.5.2}% 30
\BOOKMARK [2][]{subsection.5.3}{\376\377\000C\000a\000n\000\040\000r\000e\000c\000o\000v\000e\000r\000i\000n\000g\000\040\000d\000i\000s\000t\000a\000n\000c\000e\000\040\000d\000e\000c\000a\000y\000\040\000f\000r\000o\000m\000\040\000a\000g\000g\000r\000e\000g\000a\000t\000e\000\040\000t\000r\000i\000p\000-\000l\000e\000n\000g\000t\000h\000\040\000d\000i\000s\000t\000r\000i\000b\000u\000t\000i\000o\000n\000s\000\040\000e\000n\000a\000b\000l\000e\000\040\000c\000o\000m\000p\000e\000t\000i\000t\000i\000v\000e\000\040\000p\000r\000e\000d\000i\000c\000t\000i\000v\000e\000\040\000p\000e\000r\000f\000o\000r\000m\000a\000n\000c\000e\000\040\000w\000i\000t\000h\000o\000u\000t\000\040\000a\000c\000c\000e\000s\000s\000\040\000t\000o\000\040\000i\000n\000d\000i\000v\000i\000d\000u\000a\000l\000\040\000O\000D\000\040\000d\000a\000t\000a\000?}{section.5}% 31
\BOOKMARK [3][]{subsubsection.5.3.1}{\376\377\000P\000r\000a\000c\000t\000i\000c\000a\000l\000\040\000I\000m\000p\000l\000i\000c\000a\000t\000i\000o\000n\000s}{subsection.5.3}% 32
\BOOKMARK [2][]{subsection.5.4}{\376\377\000R\000o\000b\000u\000s\000t\000n\000e\000s\000s\000\040\000A\000n\000a\000l\000y\000s\000i\000s}{section.5}% 33
\BOOKMARK [3][]{subsubsection.5.4.1}{\376\377\000I\000m\000p\000a\000c\000t\000\040\000o\000f\000\040\000U\000r\000b\000a\000n\000\040\000M\000o\000r\000p\000h\000o\000l\000o\000g\000y}{subsection.5.4}% 34
\BOOKMARK [3][]{subsubsection.5.4.2}{\376\377\000I\000m\000p\000a\000c\000t\000\040\000o\000f\000\040\000U\000r\000b\000a\000n\000\040\000D\000e\000n\000s\000i\000t\000y}{subsection.5.4}% 35
\BOOKMARK [2][]{subsection.5.5}{\376\377\000E\000x\000p\000e\000r\000i\000m\000e\000n\000t\000a\000l\000\040\000S\000u\000m\000m\000a\000r\000y}{section.5}% 36
\BOOKMARK [1][]{section.6}{\376\377\000D\000i\000s\000c\000u\000s\000s\000i\000o\000n}{}% 37
\BOOKMARK [2][]{subsection.6.1}{\376\377\000S\000c\000i\000e\000n\000t\000i\000f\000i\000c\000\040\000I\000m\000p\000l\000i\000c\000a\000t\000i\000o\000n\000s\000:\000\040\000R\000e\000c\000o\000v\000e\000r\000i\000n\000g\000\040\000B\000e\000h\000a\000v\000i\000o\000r\000\040\000R\000a\000t\000h\000e\000r\000\040\000t\000h\000a\000n\000\040\000F\000l\000o\000w\000s}{section.6}% 38
\BOOKMARK [3][]{subsubsection.6.1.1}{\376\377\000F\000r\000o\000m\000\040\000F\000l\000o\000w\000\040\000R\000e\000c\000o\000n\000s\000t\000r\000u\000c\000t\000i\000o\000n\000\040\000t\000o\000\040\000B\000e\000h\000a\000v\000i\000o\000r\000a\000l\000\040\000I\000n\000f\000e\000r\000e\000n\000c\000e}{subsection.6.1}% 39
\BOOKMARK [3][]{subsubsection.6.1.2}{\376\377\000W\000h\000y\000\040\000A\000g\000g\000r\000e\000g\000a\000t\000e\000\040\000M\000o\000b\000i\000l\000i\000t\000y\000\040\000R\000e\000m\000a\000i\000n\000s\000\040\000I\000n\000f\000o\000r\000m\000a\000t\000i\000v\000e}{subsection.6.1}% 40
\BOOKMARK [3][]{subsubsection.6.1.3}{\376\377\000I\000m\000p\000l\000i\000c\000a\000t\000i\000o\000n\000s\000\040\000f\000o\000r\000\040\000P\000h\000y\000s\000i\000c\000s\000-\000I\000n\000f\000o\000r\000m\000e\000d\000\040\000M\000o\000b\000i\000l\000i\000t\000y\000\040\000M\000o\000d\000e\000l\000i\000n\000g}{subsection.6.1}% 41
\BOOKMARK [3][]{subsubsection.6.1.4}{\376\377\000S\000c\000i\000e\000n\000t\000i\000f\000i\000c\000\040\000P\000e\000r\000s\000p\000e\000c\000t\000i\000v\000e}{subsection.6.1}% 42
\BOOKMARK [2][]{subsection.6.2}{\376\377\000M\000e\000t\000h\000o\000d\000o\000l\000o\000g\000i\000c\000a\000l\000\040\000a\000n\000d\000\040\000P\000r\000a\000c\000t\000i\000c\000a\000l\000\040\000I\000m\000p\000l\000i\000c\000a\000t\000i\000o\000n\000s}{section.6}% 43
\BOOKMARK [3][]{subsubsection.6.2.1}{\376\377\000D\000e\000c\000o\000m\000p\000o\000s\000i\000t\000i\000o\000n\000\040\000a\000s\000\040\000a\000\040\000M\000o\000d\000e\000l\000i\000n\000g\000\040\000S\000t\000r\000a\000t\000e\000g\000y}{subsection.6.2}% 44
\BOOKMARK [3][]{subsubsection.6.2.2}{\376\377\000A\000g\000g\000r\000e\000g\000a\000t\000e\000\040\000D\000a\000t\000a\000\040\000a\000s\000\040\000C\000a\000l\000i\000b\000r\000a\000t\000i\000o\000n\000\040\000S\000i\000g\000n\000a\000l\000s}{subsection.6.2}% 45
\BOOKMARK [3][]{subsubsection.6.2.3}{\376\377\000I\000m\000p\000l\000i\000c\000a\000t\000i\000o\000n\000s\000\040\000f\000o\000r\000\040\000S\000u\000r\000v\000e\000y\000-\000F\000r\000e\000e\000\040\000M\000o\000b\000i\000l\000i\000t\000y\000\040\000P\000r\000e\000d\000i\000c\000t\000i\000o\000n}{subsection.6.2}% 46
\BOOKMARK [3][]{subsubsection.6.2.4}{\376\377\000S\000c\000o\000p\000e\000\040\000o\000f\000\040\000A\000p\000p\000l\000i\000c\000a\000b\000i\000l\000i\000t\000y}{subsection.6.2}% 47
\BOOKMARK [2][]{subsection.6.3}{\376\377\000S\000c\000o\000p\000e\000\040\000a\000n\000d\000\040\000L\000i\000m\000i\000t\000a\000t\000i\000o\000n\000s}{section.6}% 48
\BOOKMARK [3][]{subsubsection.6.3.1}{\376\377\000S\000c\000o\000p\000e\000\040\000o\000f\000\040\000t\000h\000e\000\040\000E\000x\000p\000e\000r\000i\000m\000e\000n\000t\000a\000l\000\040\000V\000a\000l\000i\000d\000a\000t\000i\000o\000n}{subsection.6.3}% 49
\BOOKMARK [3][]{subsubsection.6.3.2}{\376\377\000D\000e\000p\000e\000n\000d\000e\000n\000c\000e\000\040\000o\000n\000\040\000t\000h\000e\000\040\000G\000r\000a\000v\000i\000t\000y\000\040\000F\000o\000r\000m\000u\000l\000a\000t\000i\000o\000n}{subsection.6.3}% 50
\BOOKMARK [3][]{subsubsection.6.3.3}{\376\377\000A\000g\000g\000r\000e\000g\000a\000t\000e\000\040\000M\000o\000b\000i\000l\000i\000t\000y\000\040\000R\000e\000p\000r\000e\000s\000e\000n\000t\000a\000t\000i\000o\000n}{subsection.6.3}% 51
\BOOKMARK [3][]{subsubsection.6.3.4}{\376\377\000S\000u\000r\000v\000e\000y\000-\000F\000r\000e\000e\000\040\000D\000o\000e\000s\000\040\000N\000o\000t\000\040\000M\000e\000a\000n\000\040\000D\000a\000t\000a\000-\000F\000r\000e\000e}{subsection.6.3}% 52
\BOOKMARK [2][]{subsection.6.4}{\376\377\000F\000u\000t\000u\000r\000e\000\040\000R\000e\000s\000e\000a\000r\000c\000h\000\040\000D\000i\000r\000e\000c\000t\000i\000o\000n\000s}{section.6}% 53
\BOOKMARK [3][]{subsubsection.6.4.1}{\376\377\000B\000e\000y\000o\000n\000d\000\040\000U\000.\000S\000.\000\040\000M\000e\000t\000r\000o\000p\000o\000l\000i\000t\000a\000n\000\040\000A\000r\000e\000a\000s}{subsection.6.4}% 54
\BOOKMARK [3][]{subsubsection.6.4.2}{\376\377\000R\000i\000c\000h\000e\000r\000\040\000B\000e\000h\000a\000v\000i\000o\000r\000a\000l\000\040\000R\000e\000p\000r\000e\000s\000e\000n\000t\000a\000t\000i\000o\000n\000s}{subsection.6.4}% 55
\BOOKMARK [3][]{subsubsection.6.4.3}{\376\377\000B\000e\000y\000o\000n\000d\000\040\000T\000a\000n\000n\000e\000r\000\040\000F\000u\000n\000c\000t\000i\000o\000n\000s}{subsection.6.4}% 56
\BOOKMARK [3][]{subsubsection.6.4.4}{\376\377\000T\000o\000w\000a\000r\000d\000\040\000H\000y\000b\000r\000i\000d\000\040\000P\000h\000y\000s\000i\000c\000s\000-\000I\000n\000f\000o\000r\000m\000e\000d\000\040\000L\000e\000a\000r\000n\000i\000n\000g}{subsection.6.4}% 57
\BOOKMARK [1][]{section.7}{\376\377\000C\000o\000n\000c\000l\000u\000s\000i\000o\000n}{}% 58
\BOOKMARK [1][]{appendix.1.A}{\376\377\000A\000d\000d\000i\000t\000i\000o\000n\000a\000l\000\040\000E\000x\000p\000e\000r\000i\000m\000e\000n\000t\000a\000l\000\040\000R\000e\000s\000u\000l\000t\000s}{}% 59
\BOOKMARK [2][]{subsection.1.A.1}{\376\377\000R\000o\000b\000u\000s\000t\000n\000e\000s\000s\000\040\000o\000f\000\040\000A\000g\000g\000r\000e\000g\000a\000t\000e\000-\000B\000a\000s\000e\000d\000\040\000D\000i\000s\000t\000a\000n\000c\000e\000-\000D\000e\000c\000a\000y\000\040\000R\000e\000c\000o\000v\000e\000r\000y}{appendix.1.A}% 60
\BOOKMARK [2][]{subsection.1.A.2}{\376\377\000R\000o\000b\000u\000s\000t\000n\000e\000s\000s\000\040\000o\000f\000\040\000O\000r\000i\000g\000i\000n\000\040\000P\000r\000o\000d\000u\000c\000t\000i\000o\000n\000\040\000T\000r\000a\000n\000s\000f\000e\000r}{appendix.1.A}% 61
\BOOKMARK [3][]{subsubsection.1.A.2.1}{\376\377\000S\000o\000u\000r\000c\000e\000-\000S\000c\000a\000l\000e\000\040\000S\000e\000n\000s\000i\000t\000i\000v\000i\000t\000y}{subsection.1.A.2}% 62
\BOOKMARK [3][]{subsubsection.1.A.2.2}{\376\377\000N\000o\000i\000s\000e\000\040\000S\000e\000n\000s\000i\000t\000i\000v\000i\000t\000y}{subsection.1.A.2}% 63
\BOOKMARK [1][]{appendix.1.B}{\376\377\000A\000d\000d\000i\000t\000i\000o\000n\000a\000l\000\040\000M\000e\000t\000h\000o\000d\000o\000l\000o\000g\000i\000c\000a\000l\000\040\000A\000n\000a\000l\000y\000s\000e\000s}{}% 64
\BOOKMARK [2][]{subsection.1.B.1}{\376\377\000F\000e\000a\000t\000u\000r\000e\000\040\000S\000e\000l\000e\000c\000t\000i\000o\000n\000\040\000S\000e\000n\000s\000i\000t\000i\000v\000i\000t\000y}{appendix.1.B}% 65
\BOOKMARK [3][]{subsubsection.1.B.1.1}{\376\377\000F\000e\000a\000t\000u\000r\000e\000\040\000T\000a\000x\000o\000n\000o\000m\000y\000\040\000a\000n\000d\000\040\000C\000a\000n\000d\000i\000d\000a\000t\000e\000\040\000S\000e\000t\000\040\000\050\0003\0007\000\040\000d\000i\000m\000e\000n\000s\000i\000o\000n\000s\000\051}{subsection.1.B.1}% 66
\BOOKMARK [3][]{subsubsection.1.B.1.2}{\376\377\000S\000H\000A\000P\000-\000B\000a\000s\000e\000d\000\040\000F\000e\000a\000t\000u\000r\000e\000\040\000S\000t\000a\000b\000i\000l\000i\000t\000y\000\040\000S\000e\000l\000e\000c\000t\000i\000o\000n}{subsection.1.B.1}% 67
\BOOKMARK [3][]{subsubsection.1.B.1.3}{\376\377\000F\000e\000a\000t\000u\000r\000e\000\040\000C\000o\000u\000n\000t\000\040\000S\000e\000n\000s\000i\000t\000i\000v\000i\000t\000y}{subsection.1.B.1}% 68
\BOOKMARK [1][]{appendix.1.C}{\376\377\000I\000m\000p\000l\000e\000m\000e\000n\000t\000a\000t\000i\000o\000n\000\040\000a\000n\000d\000\040\000R\000e\000p\000r\000o\000d\000u\000c\000i\000b\000i\000l\000i\000t\000y}{}% 69
\BOOKMARK [2][]{subsection.1.C.1}{\376\377\000P\000r\000e\000p\000r\000o\000c\000e\000s\000s\000i\000n\000g\000\040\000a\000n\000d\000\040\000N\000o\000r\000m\000a\000l\000i\000z\000a\000t\000i\000o\000n}{appendix.1.C}% 70
\BOOKMARK [2][]{subsection.1.C.2}{\376\377\000O\000p\000t\000i\000m\000i\000z\000a\000t\000i\000o\000n\000\040\000a\000n\000d\000\040\000C\000o\000n\000s\000t\000r\000a\000i\000n\000t\000s\000\040\000f\000o\000r\000\040\000D\000i\000s\000t\000a\000n\000c\000e\000-\000D\000e\000c\000a\000y\000\040\000E\000s\000t\000i\000m\000a\000t\000i\000o\000n}{appendix.1.C}% 71
\BOOKMARK [2][]{subsection.1.C.3}{\376\377\000H\000y\000p\000e\000r\000p\000a\000r\000a\000m\000e\000t\000e\000r\000\040\000S\000e\000t\000t\000i\000n\000g\000s}{appendix.1.C}% 72
\BOOKMARK [1][]{appendix.1.D}{\376\377\000M\000a\000t\000h\000e\000m\000a\000t\000i\000c\000a\000l\000\040\000D\000e\000t\000a\000i\000l\000s}{}% 73
\BOOKMARK [1][]{appendix.1.E}{\376\377\000L\000i\000s\000t\000\040\000o\000f\000\040\000A\000b\000b\000r\000e\000v\000i\000a\000t\000i\000o\000n\000s}{}% 74
